src/features/tickets/server/ticket.actions.ts(12,17): error TS2353: Object literal may only specify known properties, and 'downloadCount' does not exist in type '(Without<TicketUpdateInput, TicketUncheckedUpdateInput> & TicketUncheckedUpdateInput) | (Without<...> & TicketUpdateInput)'.
src/shared/components/ui/DownloadTicketButton.tsx(41,34): error TS2345: Argument of type '{ margin: number; filename: string; image: { type: string; quality: number; }; html2canvas: { scale: number; useCORS: boolean; }; jsPDF: { unit: string; format: string; orientation: string; }; }' is not assignable to parameter of type 'Html2PdfOptions'.
  The types of 'image.type' are incompatible between these types.
    Type 'string' is not assignable to type '"jpeg" | "png" | "webp" | undefined'.
