src/lib/prisma.ts(2,10): error TS2724: '"@prisma/adapter-libsql"' has no exported member named 'PrismaLibSQL'. Did you mean 'PrismaLibSql'?
